{
    "--step alignment --head 10 - stub": {
        "content": [
            {
                "FGUMI_CLIP": {
                    "fgumi": "0.7.0"
                },
                "MINIBWA_MAP": {
                    "minibwa": 0.7,
                    "samtools": "1.23.1"
                },
                "MOSDEPTH": {
                    "gzip": 1.14,
                    "mosdepth": "0.3.14"
                },
                "PICARD_COLLECTWGSMETRICS": {
                    "picard": "3.5.0"
                },
                "SAMTOOLS_FIXMATE": {
                    "samtools": 1.24
                },
                "SAMTOOLS_INDEX": {
                    "samtools": 1.24
                },
                "SAMTOOLS_MARKDUP": {
                    "samtools": 1.24
                },
                "SAMTOOLS_SORT": {
                    "samtools": 1.24
                },
                "SAMTOOLS_STATS": {
                    "samtools": 1.24
                },
                "SEQKIT_HEAD": {
                    "seqkit": "2.13.0"
                },
                "Workflow": {
                    "sawers-rellan-labs/zealgt": "v0.2.0dev"
                }
            },
            [
                "cram",
                "cram/LX_1.CollectWgsMetrics.coverage_metrics",
                "cram/LX_1.cram",
                "cram/LX_1.cram.crai",
                "cram/LX_1.global.dist.txt",
                "cram/LX_1.markdup.stats",
                "cram/LX_1.region.dist.txt",
                "cram/LX_1.regions.bed.gz",
                "cram/LX_1.regions.bed.gz.csi",
                "cram/LX_1.stats",
                "cram/LX_1.summary.txt",
                "cram/LX_2.CollectWgsMetrics.coverage_metrics",
                "cram/LX_2.cram",
                "cram/LX_2.cram.crai",
                "cram/LX_2.global.dist.txt",
                "cram/LX_2.markdup.stats",
                "cram/LX_2.region.dist.txt",
                "cram/LX_2.regions.bed.gz",
                "cram/LX_2.regions.bed.gz.csi",
                "cram/LX_2.stats",
                "cram/LX_2.summary.txt",
                "cram/LX_3.CollectWgsMetrics.coverage_metrics",
                "cram/LX_3.cram",
                "cram/LX_3.cram.crai",
                "cram/LX_3.global.dist.txt",
                "cram/LX_3.markdup.stats",
                "cram/LX_3.region.dist.txt",
                "cram/LX_3.regions.bed.gz",
                "cram/LX_3.regions.bed.gz.csi",
                "cram/LX_3.stats",
                "cram/LX_3.summary.txt",
                "cram/PB1_SID1.CollectWgsMetrics.coverage_metrics",
                "cram/PB1_SID1.cram",
                "cram/PB1_SID1.cram.crai",
                "cram/PB1_SID1.global.dist.txt",
                "cram/PB1_SID1.markdup.stats",
                "cram/PB1_SID1.region.dist.txt",
                "cram/PB1_SID1.regions.bed.gz",
                "cram/PB1_SID1.regions.bed.gz.csi",
                "cram/PB1_SID1.stats",
                "cram/PB1_SID1.summary.txt",
                "cram/PB1_SID2.CollectWgsMetrics.coverage_metrics",
                "cram/PB1_SID2.cram",
                "cram/PB1_SID2.cram.crai",
                "cram/PB1_SID2.global.dist.txt",
                "cram/PB1_SID2.markdup.stats",
                "cram/PB1_SID2.region.dist.txt",
                "cram/PB1_SID2.regions.bed.gz",
                "cram/PB1_SID2.regions.bed.gz.csi",
                "cram/PB1_SID2.stats",
                "cram/PB1_SID2.summary.txt",
                "cram/PB1_SID4.CollectWgsMetrics.coverage_metrics",
                "cram/PB1_SID4.cram",
                "cram/PB1_SID4.cram.crai",
                "cram/PB1_SID4.global.dist.txt",
                "cram/PB1_SID4.markdup.stats",
                "cram/PB1_SID4.region.dist.txt",
                "cram/PB1_SID4.regions.bed.gz",
                "cram/PB1_SID4.regions.bed.gz.csi",
                "cram/PB1_SID4.stats",
                "cram/PB1_SID4.summary.txt",
                "multiqc",
                "multiqc/multiqc_data",
                "multiqc/multiqc_data/.stub",
                "multiqc/multiqc_plots",
                "multiqc/multiqc_plots/.stub",
                "multiqc/multiqc_report.html",
                "pipeline_info",
                "pipeline_info/zealgt_software_mqc_versions.yml",
                "samplesheet.csv"
            ]
        ],
        "timestamp": "2026-10-03T16:29:17.965769",
        "meta": {
            "nf-test": "0.9.5",
            "nextflow": "26.04.6"
        }
    },
    "--step demultiplex - stub": {
        "content": [
            {
                "CAT_FASTQ": {
                    "cat": 9.5
                },
                "EXTRACT_LANE": {
                    "tar": 1.34
                },
                "FQTK": {
                    "fqtk": "0.4.0"
                },
                "Workflow": {
                    "sawers-rellan-labs/zealgt": "v0.2.0dev"
                }
            },
            [
                "fastq",
                "fastq/LX_1",
                "fastq/LX_1/LX_1_R1.fastq.gz",
                "fastq/LX_1/LX_1_R2.fastq.gz",
                "fastq/LX_2",
                "fastq/LX_2/LX_2_R1.fastq.gz",
                "fastq/LX_2/LX_2_R2.fastq.gz",
                "fastq/LX_3",
                "fastq/LX_3/LX_3_R1.fastq.gz",
                "fastq/LX_3/LX_3_R2.fastq.gz",
                "fastq/PB1_SID1",
                "fastq/PB1_SID1/PB1_SID1_R1.fastq.gz",
                "fastq/PB1_SID1/PB1_SID1_R2.fastq.gz",
                "fastq/PB1_SID2",
                "fastq/PB1_SID2/PB1_SID2_R1.fastq.gz",
                "fastq/PB1_SID2/PB1_SID2_R2.fastq.gz",
                "fastq/PB1_SID4",
                "fastq/PB1_SID4/PB1_SID4_R1.fastq.gz",
                "fastq/PB1_SID4/PB1_SID4_R2.fastq.gz",
                "fastq/samplesheet.csv",
                "pipeline_info",
                "pipeline_info/zealgt_software_mqc_versions.yml",
                "reports",
                "reports/demux",
                "reports/demux/LIBB1.LIBB1_S1_L001.demux_metrics.txt",
                "reports/demux/LIBB1.LIBB1_S1_L002.demux_metrics.txt",
                "reports/demux/LIBX.LIBX_TESTFC01_L1.demux_metrics.txt",
                "reports/demux/LIBX.LIBX_TESTFC01_L2.demux_metrics.txt",
                "samplesheet.csv"
            ]
        ],
        "timestamp": "2026-10-03T14:48:42.110869",
        "meta": {
            "nf-test": "0.9.5",
            "nextflow": "26.04.6"
        }
    }
}