{
    "--step alignment --head 10 - stub": {
        "content": [
            {
                "FGUMI_CLIP": {
                    "fgumi": "0.7.0"
                },
                "MINIBWA_MAP": {
                    "minibwa": 0.7,
                    "samtools": "1.23.1"
                },
                "MOSDEPTH": {
                    "gzip": 1.14,
                    "mosdepth": "0.3.14"
                },
                "PICARD_COLLECTWGSMETRICS": {
                    "picard": "3.5.0"
                },
                "SAMTOOLS_FIXMATE": {
                    "samtools": 1.24
                },
                "SAMTOOLS_INDEX": {
                    "samtools": 1.24
                },
                "SAMTOOLS_MARKDUP": {
                    "samtools": 1.24
                },
                "SAMTOOLS_SORT": {
                    "samtools": 1.24
                },
                "SAMTOOLS_STATS": {
                    "samtools": 1.24
                },
                "SEQKIT_HEAD": {
                    "seqkit": "2.13.0"
                },
                "SEQUALI": {
                    "sequali": "1.0.2"
                },
                "Workflow": {
                    "sawers-rellan-labs/zealgt": "v0.2.0dev"
                }
            },
            [
                "cram",
                "cram/LX_1.CollectWgsMetrics.coverage_metrics",
                "cram/LX_1.cram",
                "cram/LX_1.cram.crai",
                "cram/LX_1.global.dist.txt",
                "cram/LX_1.markdup.stats",
                "cram/LX_1.region.dist.txt",
                "cram/LX_1.regions.bed.gz",
                "cram/LX_1.regions.bed.gz.csi",
                "cram/LX_1.stats",
                "cram/LX_1.summary.txt",
                "cram/LX_2.CollectWgsMetrics.coverage_metrics",
                "cram/LX_2.cram",
                "cram/LX_2.cram.crai",
                "cram/LX_2.global.dist.txt",
                "cram/LX_2.markdup.stats",
                "cram/LX_2.region.dist.txt",
                "cram/LX_2.regions.bed.gz",
                "cram/LX_2.regions.bed.gz.csi",
                "cram/LX_2.stats",
                "cram/LX_2.summary.txt",
                "cram/LX_3.CollectWgsMetrics.coverage_metrics",
                "cram/LX_3.cram",
                "cram/LX_3.cram.crai",
                "cram/LX_3.global.dist.txt",
                "cram/LX_3.markdup.stats",
                "cram/LX_3.region.dist.txt",
                "cram/LX_3.regions.bed.gz",
                "cram/LX_3.regions.bed.gz.csi",
                "cram/LX_3.stats",
                "cram/LX_3.summary.txt",
                "multiqc",
                "multiqc/multiqc_data",
                "multiqc/multiqc_data/.stub",
                "multiqc/multiqc_plots",
                "multiqc/multiqc_plots/.stub",
                "multiqc/multiqc_report.html",
                "multiqc/reads_alignment",
                "multiqc/reads_alignment/multiqc_data",
                "multiqc/reads_alignment/multiqc_data/.stub",
                "multiqc/reads_alignment/multiqc_plots",
                "multiqc/reads_alignment/multiqc_plots/.stub",
                "multiqc/reads_alignment/multiqc_report.html",
                "pipeline_info",
                "pipeline_info/zealgt_software_mqc_versions.yml",
                "reports",
                "reports/sequali_alignment",
                "reports/sequali_alignment/LX_1.html",
                "reports/sequali_alignment/LX_1.json",
                "reports/sequali_alignment/LX_2.html",
                "reports/sequali_alignment/LX_2.json",
                "reports/sequali_alignment/LX_3.html",
                "reports/sequali_alignment/LX_3.json",
                "samplesheet.csv"
            ]
        ],
        "timestamp": "2026-10-03T19:03:42.930129",
        "meta": {
            "nf-test": "0.9.5",
            "nextflow": "26.04.6"
        }
    },
    "--step demultiplex - stub": {
        "content": [
            {
                "CAT_FASTQ": {
                    "cat": 9.5
                },
                "EXTRACT_LANE": {
                    "tar": 1.34
                },
                "FQTK": {
                    "fqtk": "0.4.0"
                },
                "SEQUALI": {
                    "sequali": "1.0.2"
                },
                "Workflow": {
                    "sawers-rellan-labs/zealgt": "v0.2.0dev"
                }
            },
            [
                "bc1",
                "bc1/LX_1_R1.fastq.gz",
                "bc1/LX_1_R2.fastq.gz",
                "bc1/LX_2_R1.fastq.gz",
                "bc1/LX_2_R2.fastq.gz",
                "bc1/LX_3_R1.fastq.gz",
                "bc1/LX_3_R2.fastq.gz",
                "bc2s3_batch1",
                "bc2s3_batch1/PB1_SID1_R1.fastq.gz",
                "bc2s3_batch1/PB1_SID1_R2.fastq.gz",
                "bc2s3_batch1/PB1_SID2_R1.fastq.gz",
                "bc2s3_batch1/PB1_SID2_R2.fastq.gz",
                "bc2s3_batch1/PB1_SID4_R1.fastq.gz",
                "bc2s3_batch1/PB1_SID4_R2.fastq.gz",
                "multiqc",
                "multiqc/reads",
                "multiqc/reads/samplesheet",
                "multiqc/reads/samplesheet/multiqc_data",
                "multiqc/reads/samplesheet/multiqc_data/.stub",
                "multiqc/reads/samplesheet/multiqc_plots",
                "multiqc/reads/samplesheet/multiqc_plots/.stub",
                "multiqc/reads/samplesheet/multiqc_report.html",
                "pipeline_info",
                "pipeline_info/zealgt_software_mqc_versions.yml",
                "reports",
                "reports/demux",
                "reports/demux/LIBB1.LIBB1_S1_L001.demux_metrics.txt",
                "reports/demux/LIBB1.LIBB1_S1_L002.demux_metrics.txt",
                "reports/demux/LIBX.LIBX_TESTFC01_L1.demux_metrics.txt",
                "reports/demux/LIBX.LIBX_TESTFC01_L2.demux_metrics.txt",
                "reports/sequali",
                "reports/sequali/LX_1.html",
                "reports/sequali/LX_1.json",
                "reports/sequali/LX_2.html",
                "reports/sequali/LX_2.json",
                "reports/sequali/LX_3.html",
                "reports/sequali/LX_3.json",
                "reports/sequali/PB1_SID1.html",
                "reports/sequali/PB1_SID1.json",
                "reports/sequali/PB1_SID2.html",
                "reports/sequali/PB1_SID2.json",
                "reports/sequali/PB1_SID4.html",
                "reports/sequali/PB1_SID4.json",
                "samplesheet.csv",
                "samplesheets",
                "samplesheets/samplesheet.csv"
            ]
        ],
        "timestamp": "2026-10-03T19:37:07.500015",
        "meta": {
            "nf-test": "0.9.5",
            "nextflow": "26.04.6"
        }
    }
}