{
    "-profile test - stub": {
        "content": [
            {
                "CAT_FASTQ": {
                    "cat": 9.5
                },
                "EXTRACT_LANE": {
                    "tar": 1.34
                },
                "FQTK": {
                    "fqtk": "0.4.0"
                },
                "Workflow": {
                    "sawers-rellan-labs/zealgt": "v0.2.0dev"
                }
            },
            [
                "demux",
                "demux/LX_1",
                "demux/LX_1/LX_1_1.merged.fastq.gz",
                "demux/LX_1/LX_1_2.merged.fastq.gz",
                "demux/LX_2",
                "demux/LX_2/LX_2_1.merged.fastq.gz",
                "demux/LX_2/LX_2_2.merged.fastq.gz",
                "demux/LX_3",
                "demux/LX_3/LX_3_1.merged.fastq.gz",
                "demux/LX_3/LX_3_2.merged.fastq.gz",
                "demux/PB1_SID1",
                "demux/PB1_SID1/PB1_SID1_1.merged.fastq.gz",
                "demux/PB1_SID1/PB1_SID1_2.merged.fastq.gz",
                "demux/PB1_SID2",
                "demux/PB1_SID2/PB1_SID2_1.merged.fastq.gz",
                "demux/PB1_SID2/PB1_SID2_2.merged.fastq.gz",
                "demux/PB1_SID4",
                "demux/PB1_SID4/PB1_SID4_1.merged.fastq.gz",
                "demux/PB1_SID4/PB1_SID4_2.merged.fastq.gz",
                "multiqc",
                "multiqc/multiqc_data",
                "multiqc/multiqc_data/.stub",
                "multiqc/multiqc_plots",
                "multiqc/multiqc_plots/.stub",
                "multiqc/multiqc_report.html",
                "pipeline_info",
                "pipeline_info/zealgt_software_mqc_versions.yml",
                "reports",
                "reports/demux",
                "reports/demux/LIBB1.LIBB1_S1_L001.demux_metrics.txt",
                "reports/demux/LIBB1.LIBB1_S1_L002.demux_metrics.txt",
                "reports/demux/LIBX.LIBX_TESTFC01_L1.demux_metrics.txt",
                "reports/demux/LIBX.LIBX_TESTFC01_L2.demux_metrics.txt",
                "samplesheet.csv"
            ]
        ],
        "timestamp": "2026-10-02T20:39:14.311221",
        "meta": {
            "nf-test": "0.9.5",
            "nextflow": "26.04.6"
        }
    }
}