{
    "--step genotype - stub": {
        "content": [
            {
                "BCFTOOLS_MPILEUP": {
                    "bcftools": "1.23.1"
                },
                "BED_CLIP": {
                    "bcftools": "1.23.1"
                },
                "CHECK_ALT_RATE": {
                    "bcftools": "1.23.1"
                },
                "CHECK_COUNTS": {
                    "bcftools": "1.23.1"
                },
                "CRISP": {
                    "crisp": "1a9027e"
                },
                "POOLED_LIKELIHOOD_TIERS": {
                    "python": "3.12.14"
                },
                "SAMTOOLS_ADDREPLACERG": {
                    "samtools": 1.24
                },
                "SAMTOOLS_INDEX": {
                    "samtools": 1.24
                },
                "SAMTOOLS_MERGE": {
                    "samtools": 1.24
                },
                "WITNESS_VETO": {
                    "bcftools": "1.23.1"
                },
                "Workflow": {
                    "sawers-rellan-labs/zealgt": "v0.2.0dev"
                }
            },
            [
                "genotype/discovery/Zx.9001_P1.chrA.sites.tsv.gz",
                "genotype/discovery/Zx.9001_P1.chrA.vcf.gz",
                "genotype/discovery/Zx.9001_P1.chrA.vcf.gz.tbi",
                "genotype/discovery/Zx.9002_P1.chrA.sites.tsv.gz",
                "genotype/discovery/Zx.9002_P1.chrA.vcf.gz",
                "genotype/discovery/Zx.9002_P1.chrA.vcf.gz.tbi"
            ]
        ],
        "timestamp": "2026-10-04T23:41:39.532716",
        "meta": {
            "nf-test": "0.9.5",
            "nextflow": "26.04.6"
        }
    }
}