{
    "--step genotype - stub": {
        "content": [
            {
                "ANCESTRY_GRID": {
                    "nilHMM": "0.3.1"
                },
                "ANCESTRY_VCF_INDEX": {
                    "bcftools": "1.23.1"
                },
                "BCFTOOLS_MERGE": {
                    "bcftools": "1.23.1"
                },
                "BCFTOOLS_MPILEUP": {
                    "bcftools": "1.23.1"
                },
                "BCFTOOLS_NORM": {
                    "bcftools": "1.23.1"
                },
                "BED_CLIP": {
                    "bcftools": "1.23.1"
                },
                "BIALLELIC_UNION": {
                    "bcftools": "1.23.1"
                },
                "CALL_ANCESTRY": {
                    "nilHMM": "0.3.1"
                },
                "CHECK_ALT_RATE": {
                    "bcftools": "1.23.1"
                },
                "CHECK_COUNTS": {
                    "bcftools": "1.23.1"
                },
                "COUNT_LINES": {
                    "bcftools": "1.23.1"
                },
                "COUNT_UNION": {
                    "bcftools": "1.23.1"
                },
                "CRISP": {
                    "crisp": "1a9027e"
                },
                "FILL_DONOR_ALLELES": {
                    "pysam": "0.24.1",
                    "python": "3.12.14"
                },
                "POOLED_LIKELIHOOD_TIERS": {
                    "pysam": "0.24.1",
                    "python": "3.12.14"
                },
                "SAMTOOLS_ADDREPLACERG": {
                    "samtools": 1.24
                },
                "SAMTOOLS_INDEX": {
                    "samtools": 1.24
                },
                "SAMTOOLS_MERGE": {
                    "samtools": 1.24
                },
                "UNION_TIERS": {
                    "pysam": "0.24.1",
                    "python": "3.12.14"
                },
                "WITNESS_VETO": {
                    "bcftools": "1.23.1"
                },
                "Workflow": {
                    "sawers-rellan-labs/zealgt": "v0.2.0dev"
                }
            },
            [
                "genotype/ancestry/Zx.9001_P1.chrA.ancestry.vcf.gz",
                "genotype/ancestry/Zx.9001_P1.chrA.ancestry.vcf.gz.tbi",
                "genotype/ancestry/Zx.9001_P1.chrA.dropped_lines.tsv",
                "genotype/ancestry/Zx.9001_P1.chrA.rqtl.csv",
                "genotype/ancestry/Zx.9001_P1.chrA.segments.bed",
                "genotype/ancestry/Zx.9002_P1.chrA.ancestry.vcf.gz",
                "genotype/ancestry/Zx.9002_P1.chrA.ancestry.vcf.gz.tbi",
                "genotype/ancestry/Zx.9002_P1.chrA.dropped_lines.tsv",
                "genotype/ancestry/Zx.9002_P1.chrA.rqtl.csv",
                "genotype/ancestry/Zx.9002_P1.chrA.segments.bed",
                "genotype/ancestry/chrA.grid.tsv",
                "genotype/discovery/Zx.9001_P1.chrA.sites.tsv.gz",
                "genotype/discovery/Zx.9001_P1.chrA.vcf.gz",
                "genotype/discovery/Zx.9001_P1.chrA.vcf.gz.tbi",
                "genotype/discovery/Zx.9002_P1.chrA.sites.tsv.gz",
                "genotype/discovery/Zx.9002_P1.chrA.vcf.gz",
                "genotype/discovery/Zx.9002_P1.chrA.vcf.gz.tbi",
                "genotype/union/chrA.donor_alleles.vcf.gz",
                "genotype/union/chrA.donor_alleles.vcf.gz.tbi",
                "genotype/union/chrA.union.vcf.gz",
                "genotype/union/chrA.union.vcf.gz.tbi"
            ]
        ],
        "timestamp": "2026-10-05T21:28:16.128461",
        "meta": {
            "nf-test": "0.9.5",
            "nextflow": "26.04.6"
        }
    }
}